[toytheater.com/space-pinball/index.html]
[backblue.gif]
[fade.gif]
[index.html]
[toytheater.com/wp-content/uploads/space_pinball.jpg]
[toytheater.com/wp-includes/css/dist/block-library/style.min1e39.css]
[toytheater.com/wp-includes/js/mediaelement/mediaelementplayer-legacy.min1f61.css]
[toytheater.com/wp-includes/js/mediaelement/wp-mediaelement.min1e39.css]
[toytheater.com/wp-content/themes/toytheater_free_2/style1e39.css]
[toytheater.com/wp-content/themes/toytheater_free_2/assets/css/fonts1e39.css]
[toytheater.com/wp-content/themes/toytheater_free_2/assets/css/default141e39.css]
[toytheater.com/wp-content/themes/toytheater_free_2/assets/js/site21e39.js]
[toytheater.com/wp-content/themes/toytheater_free_2/assets/js/screenfull11e39.js]
[toytheater.com/wp-content/themes/toytheater_free_2/assets/js/pep1e39.js]
[toytheater.com/wp-content/themes/toytheater_free_2/assets/js/interactive11e39.js]
[toytheater.com/wp-content/uploads/cropped-favicon-3-32x32.png]
[toytheater.com/wp-content/uploads/cropped-favicon-3-192x192.png]
[toytheater.com/wp-content/uploads/cropped-favicon-3-180x180.png]
[pagead2.googlesyndication.com/pagead/js/f.txt]
[toytheater.com/wp-content/themes/toytheater_free_2/assets/images/logo.gif]
[toytheater.com/wp-content/themes/toytheater_free_2/assets/images/math_icon.gif]
[toytheater.com/wp-content/themes/toytheater_free_2/assets/images/read_icon.gif]
[toytheater.com/wp-content/themes/toytheater_free_2/assets/images/art_icon.gif]
[toytheater.com/wp-content/themes/toytheater_free_2/assets/images/music_icon.gif]
[toytheater.com/wp-content/themes/toytheater_free_2/assets/images/puzzle_icon.gif]
[toytheater.com/wp-content/themes/toytheater_free_2/assets/images/game_icon.gif]
[toytheater.com/wp-content/themes/toytheater_free_2/assets/images/teacher_tools_icon.gif]
[toytheater.com/shared/images/loader_circles_black.gif]
[toytheater.com/wp-content/themes/toytheater_free_2/assets/css/single1.css]
[toytheater.com/space-pinball/index.html]
[toytheater.com/wp-includes/css/dist/block-library/style.min1e39.css]
[toytheater.com/wp-content/plugins/page-links-to/dist/new-tabe485.js]
[toytheater.com/wp-includes/js/mediaelement/mediaelementplayer-legacy.min1f61.css]
[toytheater.com/wp-includes/js/mediaelement/wp-mediaelement.min1e39.css]
[toytheater.com/wp-content/themes/toytheater_free_2/style1e39.css]
[toytheater.com/wp-content/themes/toytheater_free_2/assets/css/fonts1e39.css]
[toytheater.com/wp-content/themes/toytheater_free_2/assets/css/default141e39.css]
[toytheater.com/wp-content/themes/toytheater_free_2/assets/css/single1.css]
[toytheater.com/wp-includes/js/mediaelement/mejs-controls.svg]
[toytheater.com/wp-includes/js/mediaelement/mejs-controls.svg]
